Toolchain path: /opt/xtensa-esp32-elf/bin/xtensa-esp32-elf-gcc
Toolchain version: crosstool-ng-1.22.0-80-g6c4433a5
Compiler version: 5.2.0
Python requirements from C:/msys32/home/AKAEM/esp/esp-idf/requirements.txt are satisfied.
MONITOR
--- idf_monitor on COM6 115200 ---
--- Quit: Ctrl+] | Menu: Ctrl+T | Help: Ctrl+T followed by Ctrl+H ---
ets Jun  8 2016 00:22:57

rst:0x1 (POWERON_RESET),boot:0x17 (SPI_FAST_FLASH_BOOT)
configsip: 0, SPIWP:0xee
clk_drv:0x00,q_drv:0x00,d_drv:0x00,cs0_drv:0x00,hd_drv:0x00,wp_drv:0x00
mode:DIO, clock div:2
load:0x3fff0018,len:4
load:0x3fff001c,len:6200
load:0x40078000,len:10084
load:0x40080400,len:6612
entry 0x40080764
I (28) boot: ESP-IDF v3.2-beta1-dirty 2nd stage bootloader
I (28) boot: compile time 11:00:28
I (28) boot: Enabling RNG early entropy source...
I (34) boot: SPI Speed      : 40MHz
I (38) boot: SPI Mode       : DIO
I (42) boot: SPI Flash Size : 16MB
I (46) boot: Partition Table:
I (49) boot: ## Label            Usage          Type ST Offset   Length
I (57) boot:  0 nvs              WiFi data        01 02 00009000 00005000
I (64) boot:  1 otadata          OTA data         01 00 0000e000 00002000
I (72) boot:  2 app0             OTA app          00 10 00010000 00640000
I (79) boot:  3 app1             OTA app          00 11 00650000 00640000
I (87) boot:  4 eeprom           Unknown data     01 99 00c90000 00001000
I (94) boot:  5 spiffs           Unknown data     01 82 00c91000 0036f000
I (102) boot: End of partition table
I (106) boot: No factory image, trying OTA 0
I (111) esp_image: segment 0: paddr=0x00010020 vaddr=0x3f400020 size=0x2988c (170124) map
I (179) esp_image: segment 1: paddr=0x000398b4 vaddr=0x3ff80000 size=0x00000 (     0) load
I (180) esp_image: segment 2: paddr=0x000398bc vaddr=0x3ff80000 size=0x00000 (     0) load
I (186) esp_image: segment 3: paddr=0x000398c4 vaddr=0x3ffbdb60 size=0x06240 ( 25152) load
I (205) esp_image: segment 4: paddr=0x0003fb0c vaddr=0x3ffc3da0 size=0x00000 (     0) load
I (205) esp_image: segment 5: paddr=0x0003fb14 vaddr=0x40080000 size=0x00400 (  1024) load
0x40080000: _WindowOverflow4 at C:/msys32/home/AKAEM/esp/esp-idf/components/freertos/xtensa_vectors.S:1685

I (213) esp_image: segment 6: paddr=0x0003ff1c vaddr=0x40080400 size=0x000f4 (   244) load
I (222) esp_image: segment 7: paddr=0x00040018 vaddr=0x400d0018 size=0x9dd00 (646400) map
0x400d0018: _flash_cache_start at ??:?

I (457) esp_image: segment 8: paddr=0x000ddd20 vaddr=0x400804f4 size=0x17308 ( 94984) load
I (497) esp_image: segment 9: paddr=0x000f5030 vaddr=0x400c0000 size=0x00000 (     0) load
I (497) esp_image: segment 10: paddr=0x000f5038 vaddr=0x50000000 size=0x00000 (     0) load
I (504) esp_image: segment 11: paddr=0x000f5040 vaddr=0x50000000 size=0x00000 (     0) load
I (527) boot: Loaded app from partition at offset 0x10000
I (527) boot: Disabling RNG early entropy source...
I (528) cpu_start: Pro cpu up.
I (531) cpu_start: Starting app cpu, entry point is 0x400810e0
0x400810e0: call_start_cpu1 at C:/msys32/home/AKAEM/esp/esp-idf/components/esp32/cpu_start.c:245

I (0) cpu_start: App cpu up.
I (542) heap_init: Initializing. RAM available for dynamic allocation:
I (549) heap_init: At 3FFAFF10 len 000000F0 (0 KiB): DRAM
I (555) heap_init: At 3FFB6388 len 00001C78 (7 KiB): DRAM
I (561) heap_init: At 3FFB9A20 len 00004108 (16 KiB): DRAM
I (567) heap_init: At 3FFBDB5C len 00000004 (0 KiB): DRAM
I (573) heap_init: At 3FFCEA88 len 00011578 (69 KiB): DRAM
I (579) heap_init: At 3FFE0440 len 00003AE0 (14 KiB): D/IRAM
I (585) heap_init: At 3FFE4350 len 0001BCB0 (111 KiB): D/IRAM
I (592) heap_init: At 400977FC len 00008804 (34 KiB): IRAM
I (598) cpu_start: Pro cpu start user code
I (169) cpu_start: Starting scheduler on PRO CPU.
I (0) cpu_start: Starting scheduler on APP CPU.
I (170) DISPOD: app_main() entered
I (204) DISPOD: SPIFFS: calling esp_vfs_spiffs_register()
I (435) DISPOD: SPIFFS: esp_vfs_spiffs_register() returned
I (435) DISPOD: SPIFFS: Partition size: total: 3302156, used: 773080
I (437) DISPOD: initialize dispod
I (442) DISPOD: DISPOD_STARTUP_EVT
I (446) DISPOD: DISPOD_BASIC_INIT_DONE_EVT
I (951) DISPOD_TFT: Display config, Pins used: miso=19, mosi=23, sck=18, cs=5
I (951) DISPOD_TFT: SPI: display device added to spi bus (1)
I (954) DISPOD_TFT: SPI: attached display device, speed=8000000
I (960) DISPOD_TFT: SPI: bus uses native pins: false
I (966) DISPOD_TFT: SPI: display init...
I (1852) DISPOD_TFT: OK
I (1858) DISPOD_TFT: SPI: Max rd speed = 1000000
I (1858) DISPOD_TFT: SPI: Changed speed to 26666666
I (1929) DISPOD: unhandled event base/id ACTIVITY_EVENTS:26
I (1929) DISPOD: DISPOD_DISPLAY_INIT_DONE_EVT
I (1929) DISPOD: connect to WiFi
I (1935) wifi: wifi driver task: 3ffbc230, prio:23, stack:3584, core=0
I (1939) wifi: wifi firmware version: a85ca5e
I (1943) wifi: config NVS flash: enabled
I (1947) wifi: config nano formating: disabled
I (1951) system_api: Base MAC address is not set, read default base MAC address from BLK0 of EFUSE
I (1961) system_api: Base MAC address is not set, read default base MAC address from BLK0 of EFUSE
I (1987) wifi: Init dynamic tx buffer num: 32
I (1987) wifi: Init data frame dynamic rx buffer num: 32
I (1987) wifi: Init management frame dynamic rx buffer num: 32
I (1991) wifi: Init static rx buffer size: 1600
I (1995) wifi: Init static rx buffer num: 10
I (1999) wifi: Init dynamic rx buffer num: 32
I (2081) phy: phy_version: 4000, b6198fa, Sep  3 2018, 15:11:06, 0, 0
I (2083) wifi: mode : sta (84:0d:8e:25:92:34)
I (4496) DISPOD_WIFI: Setting WiFi configuration SSID W12...
I (4498) DISPOD_WIFI: Waiting for IP address...
I (6908) wifi: n:8 0, o:1 0, ap:255 255, sta:8 0, prof:1
I (7570) wifi: state: init -> auth (b0)
I (7579) wifi: state: auth -> assoc (0)
I (7584) wifi: state: assoc -> run (10)
I (7604) wifi: connected with W12, channel 8
I (7604) wifi: pm start, type: 1

I (8437) event: sta ip: 192.168.2.155, mask: 255.255.255.0, gw: 192.168.2.1
I (8438) DISPOD: DISPOD_WIFI_INIT_DONE_EVT
I (8439) DISPOD: no WiFi configured, connect to BLE (w/o WiFi&NTP)
I (8446) BTDM_INIT: BT controller compile version [6a842ec]
I (8452) system_api: Base MAC address is not set, read default base MAC address from BLK0 of EFUSE
I (8707) DISPOD_GATTC: esp_gattc_cb()
I (8707) DISPOD_GATTC: REG_EVT
I (8709) DISPOD_GATTC: ESP_GAP_BLE_SCAN_PARAM_SET_COMPLETE_EVT
I (8711) DISPOD_GATTC: ESP_GAP_BLE_SCAN_START_COMPLETE_EVT
I (8717) DISPOD_GATTC: scan start success
I (9669) DISPOD_GATTC: ESP_GAP_BLE_SCAN_RESULT_EVT
I (9670) DISPOD_GATTC: 7b 80 54 0f 59 da
I (9670) DISPOD_GATTC: searched Adv Data Len 14, Scan Response Len 0
I (9676) DISPOD_GATTC: searched Device Name Len 0
I (9681) DISPOD_GATTC:

I (12658) DISPOD_GATTC: ESP_GAP_BLE_SCAN_RESULT_EVT
I (12659) DISPOD_GATTC: 7b 80 54 0f 59 da
I (12659) DISPOD_GATTC: searched Adv Data Len 14, Scan Response Len 0
I (12665) DISPOD_GATTC: searched Device Name Len 0
I (12670) DISPOD_GATTC:

I (13477) DISPOD_GATTC: ESP_GAP_BLE_SCAN_RESULT_EVT
I (13477) DISPOD_GATTC: 7b 80 54 0f 59 da
I (13477) DISPOD_GATTC: searched Adv Data Len 14, Scan Response Len 0
I (13483) DISPOD_GATTC: searched Device Name Len 0
I (13489) DISPOD_GATTC:

I (17007) DISPOD_GATTC: ESP_GAP_BLE_SCAN_RESULT_EVT
I (17008) DISPOD_GATTC: 7b 80 54 0f 59 da
I (17008) DISPOD_GATTC: searched Adv Data Len 14, Scan Response Len 0
I (17014) DISPOD_GATTC: searched Device Name Len 0
I (17019) DISPOD_GATTC:

I (19182) DISPOD_GATTC: ESP_GAP_BLE_SCAN_RESULT_EVT
I (19183) DISPOD_GATTC: 7b 80 54 0f 59 da
I (19183) DISPOD_GATTC: searched Adv Data Len 14, Scan Response Len 0
I (19189) DISPOD_GATTC: searched Device Name Len 0
I (19195) DISPOD_GATTC:

I (21629) DISPOD_GATTC: ESP_GAP_BLE_SCAN_RESULT_EVT
I (21630) DISPOD_GATTC: 7b 80 54 0f 59 da
I (21630) DISPOD_GATTC: searched Adv Data Len 14, Scan Response Len 0
I (21636) DISPOD_GATTC: searched Device Name Len 0
I (21642) DISPOD_GATTC:

I (23531) DISPOD_GATTC: ESP_GAP_BLE_SCAN_RESULT_EVT
I (23532) DISPOD_GATTC: 7b 80 54 0f 59 da
I (23532) DISPOD_GATTC: searched Adv Data Len 14, Scan Response Len 0
I (23538) DISPOD_GATTC: searched Device Name Len 0
I (23543) DISPOD_GATTC:

I (26256) DISPOD_GATTC: ESP_GAP_BLE_SCAN_RESULT_EVT
I (26257) DISPOD_GATTC: 7b 80 54 0f 59 da
I (26257) DISPOD_GATTC: searched Adv Data Len 14, Scan Response Len 0
I (26263) DISPOD_GATTC: searched Device Name Len 0
I (26268) DISPOD_GATTC:

I (28427) DISPOD_GATTC: ESP_GAP_BLE_SCAN_RESULT_EVT
I (28427) DISPOD_GATTC: 7b 80 54 0f 59 da
I (28428) DISPOD_GATTC: searched Adv Data Len 14, Scan Response Len 0
I (28433) DISPOD_GATTC: searched Device Name Len 0
I (28439) DISPOD_GATTC:

I (31151) DISPOD_GATTC: ESP_GAP_BLE_SCAN_RESULT_EVT
I (31152) DISPOD_GATTC: 7b 80 54 0f 59 da
I (31152) DISPOD_GATTC: searched Adv Data Len 14, Scan Response Len 0
I (31158) DISPOD_GATTC: searched Device Name Len 0
I (31164) DISPOD_GATTC:

I (33597) DISPOD_GATTC: ESP_GAP_BLE_SCAN_RESULT_EVT
I (33598) DISPOD_GATTC: 7b 80 54 0f 59 da
I (33598) DISPOD_GATTC: searched Adv Data Len 14, Scan Response Len 0
I (33604) DISPOD_GATTC: searched Device Name Len 0
I (33610) DISPOD_GATTC:

I (36051) DISPOD_GATTC: ESP_GAP_BLE_SCAN_RESULT_EVT
I (36052) DISPOD_GATTC: 7b 80 54 0f 59 da
I (36052) DISPOD_GATTC: searched Adv Data Len 14, Scan Response Len 0
I (36058) DISPOD_GATTC: searched Device Name Len 0
I (36063) DISPOD_GATTC:

I (38499) DISPOD_GATTC: ESP_GAP_BLE_SCAN_RESULT_EVT
I (38500) DISPOD_GATTC: 7b 80 54 0f 59 da
I (38500) DISPOD_GATTC: searched Adv Data Len 14, Scan Response Len 0
I (38506) DISPOD_GATTC: searched Device Name Len 0
I (38512) DISPOD_GATTC:

I (38714) DISPOD_GATTC: ESP_GAP_BLE_SCAN_RESULT_EVT
I (38714) DISPOD_GATTC: ESP_GAP_SEARCH_INQ_CMPL_EVT

